Test of center fonction
1--
'                                      data                                      '  
'                                      data                                      '
2--
'       _data        '  
'       _data        '
3--
'_data'  
'_data'
4--
'_data'  
'_data'
5--
'_data '  
'_data '
6--
' _data '  
' _data '
