new trial with
10 gives the result of an_array at offset 0
20 gives the result of an_array at offset 1
15 gives the result of an_array at offset 2
--
0.586000 gives the result of an_array at offset 0
159.546000 gives the result of an_array at offset 2
--
AADDEGG gives the result of an_array at offset 2
GTRV gives the result of an_array at offset 1
DES gives the result of an_array at offset 0
--> Now with Identifier: 
15 gives the result of an_array at offset 2
---


